

Fri Dec 30 01:26:43 2022
Command line: TestDisk

TestDisk 7.1, Data Recovery Utility, July 2019
Christophe GRENIER <grenier@cgsecurity.org>
https://www.cgsecurity.org
OS: Linux, kernel 5.15.0-52-generic (#58~20.04.1-Ubuntu SMP Thu Oct 13 13:09:46 UTC 2022) x86_64
Compiler: GCC 9.2
ext2fs lib: 1.45.5, ntfs lib: libntfs-3g, reiserfs lib: none, ewf lib: none, curses lib: ncurses 6.1
/dev/sda: LBA, HPA, LBA48, DCO support
/dev/sda: size       3907029168 sectors
/dev/sda: user_max   3907029168 sectors
/dev/sda: native_max 3907029168 sectors
/dev/sdb: LBA, HPA, LBA48, DCO support
/dev/sdb: size       5860533168 sectors
/dev/sdb: user_max   5860533168 sectors
/dev/sdb: native_max 5860533168 sectors
Warning: can't get size for Disk /dev/mapper/control - 0 B - 0 sectors, sector size=512
Warning: can't get size for Disk /dev/loop28 - 0 B - 0 sectors (RO), sector size=512
Hard disk list
Disk /dev/sda - 2000 GB / 1863 GiB - CHS 243201 255 63, sector size=512 - TOSHIBA DT01ACA200, S/N:356JA9WKS, FW:MX4OABB0
Disk /dev/sdb - 3000 GB / 2794 GiB - CHS 364801 255 63, sector size=512 - WDC WD30EZRZ-00GXCB0, S/N:WD-WCC7K5SXKU1L, FW:80.00A80
Disk /dev/loop0 - 4096 B - 8 sectors (RO), sector size=512
Disk /dev/loop1 - 254 MB / 243 MiB - 497832 sectors (RO), sector size=512
Disk /dev/loop10 - 48 MB / 45 MiB - 94056 sectors (RO), sector size=512
Disk /dev/loop11 - 58 MB / 55 MiB - 113896 sectors (RO), sector size=512
Disk /dev/loop12 - 363 MB / 346 MiB - 709280 sectors (RO), sector size=512
Disk /dev/loop13 - 279 MB / 267 MiB - 546824 sectors (RO), sector size=512
Disk /dev/loop14 - 66 MB / 63 MiB - 129584 sectors (RO), sector size=512
Disk /dev/loop15 - 280 MB / 267 MiB - 546904 sectors (RO), sector size=512
Disk /dev/loop16 - 10092 KB / 9856 KiB - 19712 sectors (RO), sector size=512
Disk /dev/loop17 - 66 MB / 63 MiB - 129520 sectors (RO), sector size=512
Disk /dev/loop18 - 52 MB / 49 MiB - 101624 sectors (RO), sector size=512
Disk /dev/loop19 - 66 MB / 63 MiB - 129496 sectors (RO), sector size=512
Disk /dev/loop2 - 58 MB / 55 MiB - 113792 sectors (RO), sector size=512
Disk /dev/loop20 - 76 MB / 72 MiB - 149216 sectors (RO), sector size=512
Disk /dev/loop21 - 229 MB / 219 MiB - 448512 sectors (RO), sector size=512
Disk /dev/loop22 - 124 MB / 118 MiB - 242408 sectors (RO), sector size=512
Disk /dev/loop23 - 96 MB / 91 MiB - 187776 sectors (RO), sector size=512
Disk /dev/loop24 - 229 MB / 219 MiB - 448512 sectors (RO), sector size=512
Disk /dev/loop25 - 363 MB / 346 MiB - 709216 sectors (RO), sector size=512
Disk /dev/loop26 - 85 MB / 81 MiB - 166424 sectors (RO), sector size=512
Disk /dev/loop27 - 254 MB / 243 MiB - 497832 sectors (RO), sector size=512
Disk /dev/loop29 - 122 MB / 116 MiB - 238984 sectors (RO), sector size=512
Disk /dev/loop3 - 148 MB / 141 MiB - 289664 sectors (RO), sector size=512
Disk /dev/loop4 - 10092 KB / 9856 KiB - 19712 sectors (RO), sector size=512
Disk /dev/loop5 - 58 MB / 55 MiB - 113888 sectors (RO), sector size=512
Disk /dev/loop6 - 76 MB / 72 MiB - 149320 sectors (RO), sector size=512
Disk /dev/loop7 - 52 MB / 49 MiB - 101664 sectors (RO), sector size=512
Disk /dev/loop8 - 50 MB / 47 MiB - 98280 sectors (RO), sector size=512
Disk /dev/loop9 - 48 MB / 45 MiB - 94064 sectors (RO), sector size=512
Disk /dev/nvme0n1 - 500 GB / 465 GiB - CHS 476940 64 32, sector size=512

SIGHUP detected! TestDisk has been killed.
